{
    "type": "Neg",
    "operand": {
        "type": "Mul",
        "lhs": {
            "type": "Sqrt",
            "operand": {
                "type": "Sub",
                "lhs": {
                    "type": "Numeric",
                    "value": "9802.858"
                },
                "fenceLhs": false,
                "rhs": {
                    "type": "Neg",
                    "operand": {
                        "type": "Sub",
                        "lhs": {
                            "type": "Sub",
                            "lhs": {
                                "type": "Numeric",
                                "value": "8734.684"
                            },
                            "fenceLhs": false,
                            "rhs": {
                                "type": "Numeric",
                                "value": "24"
                            },
                            "fenceRhs": false
                        },
                        "fenceLhs": false,
                        "rhs": {
                            "type": "Numeric",
                            "value": "6093.784"
                        },
                        "fenceRhs": false
                    },
                    "fenceOperand": true
                },
                "fenceRhs": false
            },
            "fenceOperand": true
        },
        "fenceLhs": false,
        "rhs": {
            "type": "Numeric",
            "value": "9568"
        },
        "fenceRhs": false
    },
    "fenceOperand": true
}