{
    "type": "Sub",
    "lhs": {
        "type": "Div",
        "lhs": {
            "type": "Abs",
            "operand": {
                "type": "Add",
                "lhs": {
                    "type": "Sqrt",
                    "operand": {
                        "type": "Neg",
                        "operand": {
                            "type": "Mul",
                            "lhs": {
                                "type": "Numeric",
                                "value": "5454.955"
                            },
                            "fenceLhs": false,
                            "rhs": {
                                "type": "Numeric",
                                "value": "7497.199"
                            },
                            "fenceRhs": false
                        },
                        "fenceOperand": true
                    },
                    "fenceOperand": true
                },
                "fenceLhs": false,
                "rhs": {
                    "type": "Numeric",
                    "value": "9173.355"
                },
                "fenceRhs": false
            },
            "fenceOperand": true
        },
        "fenceLhs": false,
        "rhs": {
            "type": "Numeric",
            "value": "1849.684"
        },
        "fenceRhs": false
    },
    "fenceLhs": false,
    "rhs": {
        "type": "Numeric",
        "value": "2544"
    },
    "fenceRhs": false
}